// Jest Snapshot v1, https://goo.gl/fbAQLP

exports[`NotFound it should render the expected HTML 1`] = `"<div><div class=\\"container-fluid justify-content-center align-items-center text-center\\"><h1 class=\\"text-muted\\"><span>Page Not Found</span></h1><p class=\\"text-muted\\"><span>The page that you were looking for was not found. Go back to the <a class=\\"pgn__hyperlink muted-link inline-link\\" href=\\"http://localhost:18000/dashboard\\" target=\\"_self\\">Homepage</a> .</span></p></div></div>"`;
